Server running on http://localhost:5001
MySQL Connected at bdgfndssjryalvrnsdmo-mysql.services.clever-cloud.com:3306
SyntaxError: Expected property name or '}' in JSON at position 1 (line 1 column 2)
    at JSON.parse (<anonymous>)
    at parse (C:\Users\User\Documents\WAD Proj-Back\node_modules\body-parser\lib\types\json.js:92:19)
    at C:\Users\User\Documents\WAD Proj-Back\node_modules\body-parser\lib\read.js:128:18
    at AsyncResource.runInAsyncScope (node:async_hooks:212:14)
    at invokeCallback (C:\Users\User\Documents\WAD Proj-Back\node_modules\raw-body\index.js:238:16)
    at done (C:\Users\User\Documents\WAD Proj-Back\node_modules\raw-body\index.js:227:7)
    at IncomingMessage.onEnd (C:\Users\User\Documents\WAD Proj-Back\node_modules\raw-body\index.js:287:7)
    at IncomingMessage.emit (node:events:508:20)
    at endReadableNT (node:internal/streams/readable:1729:12)
    at process.processTicksAndRejections (node:internal/process/task_queues:90:21) {
  expose: true,
  statusCode: 400,
  status: 400,
  body: '{\\',
  type: 'entity.parse.failed'
}
SyntaxError: Expected property name or '}' in JSON at position 1 (line 1 column 2)
    at JSON.parse (<anonymous>)
    at parse (C:\Users\User\Documents\WAD Proj-Back\node_modules\body-parser\lib\types\json.js:92:19)
    at C:\Users\User\Documents\WAD Proj-Back\node_modules\body-parser\lib\read.js:128:18
    at AsyncResource.runInAsyncScope (node:async_hooks:212:14)
    at invokeCallback (C:\Users\User\Documents\WAD Proj-Back\node_modules\raw-body\index.js:238:16)
    at done (C:\Users\User\Documents\WAD Proj-Back\node_modules\raw-body\index.js:227:7)
    at IncomingMessage.onEnd (C:\Users\User\Documents\WAD Proj-Back\node_modules\raw-body\index.js:287:7)
    at IncomingMessage.emit (node:events:508:20)
    at endReadableNT (node:internal/streams/readable:1729:12)
    at process.processTicksAndRejections (node:internal/process/task_queues:90:21) {
  expose: true,
  statusCode: 400,
  status: 400,
  body: '{\\',
  type: 'entity.parse.failed'
}
[0mPOST /api/auth/login [32m200[0m 247.921 ms - 288[0m
^C